vitest.config.ts(6,13): error TS2769: No overload matches this call.
  The last overload gave the following error.
    Type 'Plugin<any>[]' is not assignable to type 'PluginOption'.
      Type 'Plugin<any>[]' is not assignable to type 'PluginOption[]'.
        Type 'Plugin<any>' is not assignable to type 'PluginOption'.
          Type 'import("C:/Users/HP/OneDrive/Desktop/Smarty-reco/frontend/node_modules/vite/dist/node/index").Plugin<any>' is not assignable to type 'import("C:/Users/HP/OneDrive/Desktop/Smarty-reco/frontend/node_modules/vitest/node_modules/vite/dist/node/index").Plugin<any>'.
            Types of property 'apply' are incompatible.
              Type '"build" | "serve" | ((this: void, config: import("C:/Users/HP/OneDrive/Desktop/Smarty-reco/frontend/node_modules/vite/dist/node/index").UserConfig, env: import("C:/Users/HP/OneDrive/Desktop/Smarty-reco/frontend/node_modules/vite/dist/node/index").ConfigEnv) => boolean)' is not assignable to type '"build" | "serve" | ((this: void, config: import("C:/Users/HP/OneDrive/Desktop/Smarty-reco/frontend/node_modules/vitest/node_modules/vite/dist/node/index").UserConfig, env: import("C:/Users/HP/OneDrive/Desktop/Smarty-reco/frontend/node_modules/vitest/node_modules/vite/dist/node/index").ConfigEnv) => boolean)'.
                Type '(this: void, config: UserConfig, env: ConfigEnv) => boolean' is not assignable to type '"build" | "serve" | ((this: void, config: UserConfig, env: ConfigEnv) => boolean)'.
                  Type '(this: void, config: import("C:/Users/HP/OneDrive/Desktop/Smarty-reco/frontend/node_modules/vite/dist/node/index").UserConfig, env: import("C:/Users/HP/OneDrive/Desktop/Smarty-reco/frontend/node_modules/vite/dist/node/index").ConfigEnv) => boolean' is not assignable to type '(this: void, config: import("C:/Users/HP/OneDrive/Desktop/Smarty-reco/frontend/node_modules/vitest/node_modules/vite/dist/node/index").UserConfig, env: import("C:/Users/HP/OneDrive/Desktop/Smarty-reco/frontend/node_modules/vitest/node_modules/vite/dist/node/index").ConfigEnv) => boolean'.
                    Types of parameters 'config' and 'config' are incompatible.
                      Type 'import("C:/Users/HP/OneDrive/Desktop/Smarty-reco/frontend/node_modules/vitest/node_modules/vite/dist/node/index").UserConfig' is not assignable to type 'import("C:/Users/HP/OneDrive/Desktop/Smarty-reco/frontend/node_modules/vite/dist/node/index").UserConfig'.
                        Types of property 'plugins' are incompatible.
                          Type 'import("C:/Users/HP/OneDrive/Desktop/Smarty-reco/frontend/node_modules/vitest/node_modules/vite/dist/node/index").PluginOption[]' is not assignable to type 'import("C:/Users/HP/OneDrive/Desktop/Smarty-reco/frontend/node_modules/vite/dist/node/index").PluginOption[]'.
                            Type 'import("C:/Users/HP/OneDrive/Desktop/Smarty-reco/frontend/node_modules/vitest/node_modules/vite/dist/node/index").PluginOption' is not assignable to type 'import("C:/Users/HP/OneDrive/Desktop/Smarty-reco/frontend/node_modules/vite/dist/node/index").PluginOption'.
                              Type 'Plugin<any>' is not assignable to type 'PluginOption'.
                                Type 'import("C:/Users/HP/OneDrive/Desktop/Smarty-reco/frontend/node_modules/vitest/node_modules/vite/dist/node/index").Plugin<any>' is not assignable to type 'import("C:/Users/HP/OneDrive/Desktop/Smarty-reco/frontend/node_modules/vite/dist/node/index").Plugin<any>'.
                                  Types of property 'apply' are incompatible.
                                    Type '"build" | "serve" | ((this: void, config: import("C:/Users/HP/OneDrive/Desktop/Smarty-reco/frontend/node_modules/vitest/node_modules/vite/dist/node/index").UserConfig, env: import("C:/Users/HP/OneDrive/Desktop/Smarty-reco/frontend/node_modules/vitest/node_modules/vite/dist/node/index").ConfigEnv) => boolean)' is not assignable to type '"build" | "serve" | ((this: void, config: import("C:/Users/HP/OneDrive/Desktop/Smarty-reco/frontend/node_modules/vite/dist/node/index").UserConfig, env: import("C:/Users/HP/OneDrive/Desktop/Smarty-reco/frontend/node_modules/vite/dist/node/index").ConfigEnv) => boolean)'.
                                      Type '(this: void, config: UserConfig, env: ConfigEnv) => boolean' is not assignable to type '"build" | "serve" | ((this: void, config: UserConfig, env: ConfigEnv) => boolean)'.
                                        Type '(this: void, config: import("C:/Users/HP/OneDrive/Desktop/Smarty-reco/frontend/node_modules/vitest/node_modules/vite/dist/node/index").UserConfig, env: import("C:/Users/HP/OneDrive/Desktop/Smarty-reco/frontend/node_modules/vitest/node_modules/vite/dist/node/index").ConfigEnv) => boolean' is not assignable to type '(this: void, config: import("C:/Users/HP/OneDrive/Desktop/Smarty-reco/frontend/node_modules/vite/dist/node/index").UserConfig, env: import("C:/Users/HP/OneDrive/Desktop/Smarty-reco/frontend/node_modules/vite/dist/node/index").ConfigEnv) => boolean'.
                                          Types of parameters 'config' and 'config' are incompatible.
                                            Type 'import("C:/Users/HP/OneDrive/Desktop/Smarty-reco/frontend/node_modules/vite/dist/node/index").UserConfig' is not assignable to type 'import("C:/Users/HP/OneDrive/Desktop/Smarty-reco/frontend/node_modules/vitest/node_modules/vite/dist/node/index").UserConfig'.
                                              Types of property 'plugins' are incompatible.
                                                Type 'import("C:/Users/HP/OneDrive/Desktop/Smarty-reco/frontend/node_modules/vite/dist/node/index").PluginOption[]' is not assignable to type 'import("C:/Users/HP/OneDrive/Desktop/Smarty-reco/frontend/node_modules/vitest/node_modules/vite/dist/node/index").PluginOption[]'.
                                                  Type 'import("C:/Users/HP/OneDrive/Desktop/Smarty-reco/frontend/node_modules/vite/dist/node/index").PluginOption' is not assignable to type 'import("C:/Users/HP/OneDrive/Desktop/Smarty-reco/frontend/node_modules/vitest/node_modules/vite/dist/node/index").PluginOption'.
                                                    Type 'Promise<false | Plugin<any> | PluginOption[]>' is not assignable to type 'PluginOption'.
                                                      Type 'Promise<false | import("C:/Users/HP/OneDrive/Desktop/Smarty-reco/frontend/node_modules/vite/dist/node/index").Plugin<any> | import("C:/Users/HP/OneDrive/Desktop/Smarty-reco/frontend/node_modules/vite/dist/node/index").PluginOption[]>' is not assignable to type 'Promise<false | import("C:/Users/HP/OneDrive/Desktop/Smarty-reco/frontend/node_modules/vitest/node_modules/vite/dist/node/index").Plugin<any> | import("C:/Users/HP/OneDrive/Desktop/Smarty-reco/frontend/node_modules/vitest/node_modules/vite/dist/node/index").PluginOption[]>'.
                                                        Type 'false | import("C:/Users/HP/OneDrive/Desktop/Smarty-reco/frontend/node_modules/vite/dist/node/index").Plugin<any> | import("C:/Users/HP/OneDrive/Desktop/Smarty-reco/frontend/node_modules/vite/dist/node/index").PluginOption[]' is not assignable to type 'false | import("C:/Users/HP/OneDrive/Desktop/Smarty-reco/frontend/node_modules/vitest/node_modules/vite/dist/node/index").Plugin<any> | import("C:/Users/HP/OneDrive/Desktop/Smarty-reco/frontend/node_modules/vitest/node_modules/vite/dist/node/index").PluginOption[]'.
                                                          Type 'Plugin<any>' is not assignable to type 'false | Plugin<any> | PluginOption[]'.
